// Vitest Snapshot v1

exports[`<ContentWithImage /> > should render 'contentWithImage' 1`] = `
<DocumentFragment>
  <article
    class="ps-prose ps-max-w-none xs:ps-prose-xs md:ps-prose-md lg:ps-prose-lg ps-mt-10 ps-mx-auto ps-py-4 ps-px-12"
  >
    <section
      class="ps-prose xs:ps-prose-xs md:ps-prose-md lg:ps-prose-lg ps-mt-10 ps-max-w-screen lg:ps-max-w-screen-lg md:ps-max-w-screen-md sm:ps-max-w-screen-sm ps-mx-auto"
    >
      <h1>
        Example Post with Image
      </h1>
      <p
        class="ps-text-sm ps-text-gray-600"
      >
        8/4/2022
      </p>
      <a
        class="ps-font-normal ps-cursor-pointer"
      >
        Back â†’
      </a>
    </section>
    <div
      class="ps-mt-12 ps-max-w-screen ps-mx-auto lg:ps-max-w-screen-lg ps-shadow-lg [&*>img]:ps-rounded-lg"
    >
      <div
        class="ps-relative ps-mb-10 ps-min-h-[50vh]"
      >
        <img
          alt="Pizza Image"
          data-nimg="fill"
          decoding="async"
          sizes="100vw"
          src="/_next/image?url=https%3A%2F%2Fdev-decoupled-wordpress-qa.pantheonsite.i%2Fwp-content%2Fuploads%2F2022%2F08%2Fpizza.jpeg&w=3840&q=75"
          srcset="/_next/image?url=https%3A%2F%2Fdev-decoupled-wordpress-qa.pantheonsite.i%2Fwp-content%2Fuploads%2F2022%2F08%2Fpizza.jpeg&w=640&q=75 640w, /_next/image?url=https%3A%2F%2Fdev-decoupled-wordpress-qa.pantheonsite.i%2Fwp-content%2Fuploads%2F2022%2F08%2Fpizza.jpeg&w=750&q=75 750w, /_next/image?url=https%3A%2F%2Fdev-decoupled-wordpress-qa.pantheonsite.i%2Fwp-content%2Fuploads%2F2022%2F08%2Fpizza.jpeg&w=828&q=75 828w, /_next/image?url=https%3A%2F%2Fdev-decoupled-wordpress-qa.pantheonsite.i%2Fwp-content%2Fuploads%2F2022%2F08%2Fpizza.jpeg&w=1080&q=75 1080w, /_next/image?url=https%3A%2F%2Fdev-decoupled-wordpress-qa.pantheonsite.i%2Fwp-content%2Fuploads%2F2022%2F08%2Fpizza.jpeg&w=1200&q=75 1200w, /_next/image?url=https%3A%2F%2Fdev-decoupled-wordpress-qa.pantheonsite.i%2Fwp-content%2Fuploads%2F2022%2F08%2Fpizza.jpeg&w=1920&q=75 1920w, /_next/image?url=https%3A%2F%2Fdev-decoupled-wordpress-qa.pantheonsite.i%2Fwp-content%2Fuploads%2F2022%2F08%2Fpizza.jpeg&w=2048&q=75 2048w, /_next/image?url=https%3A%2F%2Fdev-decoupled-wordpress-qa.pantheonsite.i%2Fwp-content%2Fuploads%2F2022%2F08%2Fpizza.jpeg&w=3840&q=75 3840w"
          style="position: absolute; height: 100%; width: 100%; left: 0px; top: 0px; right: 0px; bottom: 0px; object-fit: cover; color: transparent;"
        />
      </div>
    </div>
    <div
      class="ps-break-words ps-mt-12 ps-max-w-screen lg:ps-max-w-screen-lg md:ps-max-w-screen-md sm:ps-max-w-screen-sm ps-mx-auto"
    >
      <p>
        Lorem ipsum dolor sit amet, consectetur adipiscing elit, sed do eiusmod tempor incididunt ut labore et dolore magna aliqua.
      </p>
      
 
 
 
 
 
 
      <blockquote
        class="wp-block-quote"
      >
        <p>
          Test quote
        </p>
        <cite>
          quote
        </cite>
      </blockquote>
      

    </div>
  </article>
</DocumentFragment>
`;
