// Vitest Snapshot v1

exports[`<Header /> > should render 'header' 1`] = `
<DocumentFragment>
  <div
    class="ps-my-0 ps-pt-10 ps-px-5 ps-text-xl"
  >
    <nav>
      <ul
        class="ps-flex ps-flex-row ps-flex-wrap sm:ps-flex-nowrap ps-list-none ps-justify-between ps-max-w-screen-sm ps-mx-auto"
      >
        <li
          class="ps-mr-auto"
        >
          <a
            class="ps-font-sans hover:ps-underline"
            href="/"
          >
            Home
          </a>
        </li>
        <li
          class="ps-mx-4"
        >
          <a
            class="ps-font-sans hover:ps-underline"
            href="/posts"
          >
            Posts
          </a>
        </li>
        <li
          class="ps-mx-4"
        >
          <a
            class="ps-font-sans hover:ps-underline"
            href="/pages"
          >
            Pages
          </a>
        </li>
      </ul>
    </nav>
  </div>
</DocumentFragment>
`;
