// Vitest Snapshot v1

exports[`<PageListTemplate /> > should render with pages 1`] = `
<DocumentFragment>
  <div
    class="min-h-screen max-h-screen min-w-screen max-w-screen flex flex-col overflow-x-hidden"
  >
    <div
      class="ps-my-0 ps-pt-10 ps-px-5 ps-text-xl"
    >
      <nav>
        <ul
          class="ps-flex ps-flex-row ps-flex-wrap sm:ps-flex-nowrap ps-list-none ps-justify-between ps-max-w-screen-sm ps-mx-auto"
        >
          <li
            class="ps-mr-auto"
          >
            <a
              class="ps-font-sans hover:ps-underline"
              href="/"
            >
              🏠 Home
            </a>
          </li>
          <li
            class="ps-mx-4"
          >
            <a
              class="ps-font-sans hover:ps-underline"
              href="/posts"
            >
              📰 Posts
            </a>
          </li>
          <li
            class="ps-mx-4"
          >
            <a
              class="ps-font-sans hover:ps-underline"
              href="/pages"
            >
              📑 Pages
            </a>
          </li>
          <li
            class="ps-mx-4"
          >
            <a
              class="ps-font-sans hover:ps-underline"
              href="/examples"
            >
              ⚛️ Examples
            </a>
          </li>
        </ul>
      </nav>
    </div>
    <main
      class="mb-auto"
    >
      <div
        class="max-w-screen-lg mx-auto"
      >
        <section>
          <header
            class="prose text-2xl mx-auto mt-20"
          >
            <h1
              class="text-center mx-auto"
            >
              Pages
            </h1>
          </header>
          <div
            class="ps-max-w-full"
          >
            <section>
              <div
                class="ps-mt-12 ps-grid ps-gap-5 ps-max-w-content ps-mx-auto lg:ps-max-w-screen-lg lg:ps-grid-cols-3"
              >
                <a
                  href="/pages/sample-page"
                >
                  <div
                    class="flex flex-col rounded-lg shadow-lg overflow-hidden cursor-pointer border-2 h-full hover:border-indigo-500"
                  >
                    <div
                      class="flex-shrink-0 relative h-40"
                    >
                      <div
                        class="w-full h-full bg-gradient-to-b from-blue-100 to-blue-500"
                      />
                    </div>
                    <h2
                      class="my-4 mx-6 text-xl leading-7 font-semibold text-gray-900"
                    >
                       →
                    </h2>
                  </div>
                </a>
              </div>
            </section>
            <div
              class="ps-sticky lg:ps-bottom-12 ps-bottom-4 ps-mt-10"
            />
          </div>
        </section>
      </div>
    </main>
    <footer
      class="ps-w-full ps-text-white ps-bg-black ps-p-4 ps-mt-12"
    >
      <nav
        class="ps-flex ps-flex-col ps-max-w-lg ps-mx-auto lg:ps-max-w-screen-lg"
      >
        <ul />
      </nav>
      <div
        class="ps-flex ps-my-4 ps-p-2"
      >
        <span
          class="mx-auto"
        >
          © 2023 Built with 
          <a
            class="text-white hover:text-blue-100 underline"
            href="https://nextjs.org/"
          >
            Next.js
          </a>
           and 
          <a
            class="text-blue-500 underline hover:text-blue-100"
            href="https://wordpress.com/"
          >
            WordPress
          </a>
        </span>
      </div>
    </footer>
  </div>
</DocumentFragment>
`;

exports[`<PageTemplate /> > should render a page 1`] = `
<DocumentFragment>
  <div
    class="min-h-screen max-h-screen min-w-screen max-w-screen flex flex-col overflow-x-hidden"
  >
    <div
      class="ps-my-0 ps-pt-10 ps-px-5 ps-text-xl"
    >
      <nav>
        <ul
          class="ps-flex ps-flex-row ps-flex-wrap sm:ps-flex-nowrap ps-list-none ps-justify-between ps-max-w-screen-sm ps-mx-auto"
        >
          <li
            class="ps-mr-auto"
          >
            <a
              class="ps-font-sans hover:ps-underline"
              href="/"
            >
              🏠 Home
            </a>
          </li>
          <li
            class="ps-mx-4"
          >
            <a
              class="ps-font-sans hover:ps-underline"
              href="/posts"
            >
              📰 Posts
            </a>
          </li>
          <li
            class="ps-mx-4"
          >
            <a
              class="ps-font-sans hover:ps-underline"
              href="/pages"
            >
              📑 Pages
            </a>
          </li>
          <li
            class="ps-mx-4"
          >
            <a
              class="ps-font-sans hover:ps-underline"
              href="/examples"
            >
              ⚛️ Examples
            </a>
          </li>
        </ul>
      </nav>
    </div>
    <main
      class="mb-auto"
    >
      <article
        class="ps-prose ps-max-w-none xs:ps-prose-xs md:ps-prose-md lg:ps-prose-lg ps-mt-10 ps-mx-auto ps-py-4 ps-px-12"
      >
        <section
          class="ps-prose xs:ps-prose-xs md:ps-prose-md lg:ps-prose-lg ps-mt-10 ps-max-w-screen lg:ps-max-w-screen-lg md:ps-max-w-screen-md sm:ps-max-w-screen-sm ps-mx-auto"
        >
          <h1>
            Sample Page
          </h1>
          <p
            class="ps-text-sm ps-text-gray-600"
          >
            9/13/2022
          </p>
          <a
            class="ps-font-normal ps-cursor-pointer"
          >
            Back →
          </a>
        </section>
        <div
          class="ps-mt-12 ps-max-w-screen ps-mx-auto lg:ps-max-w-screen-lg ps-shadow-lg [&*>img]:ps-rounded-lg"
        />
        <div
          class="ps-break-words ps-mt-12 ps-wp-content"
        >
          

          <p>
            This is an example page. It’s different from a blog post because it will stay in one place and will show up in your site navigation (in most themes). Most people start with an About page that introduces them to potential site visitors. It might say something like this:
          </p>
          




          <blockquote
            class="wp-block-quote"
          >
            <p>
              Hi there! I’m a bike messenger by day, aspiring actor by night, and this is my website. I live in Los Angeles, have a great dog named Jack, and I like piña coladas. (And gettin’ caught in the rain.)
            </p>
          </blockquote>
          




          <p>
            …or something like this:
          </p>
          




          <blockquote
            class="wp-block-quote"
          >
            <p>
              The XYZ Doohickey Company was founded in 1971, and has been providing quality doohickeys to the public ever since. Located in Gotham City, XYZ employs over 2,000 people and does all kinds of awesome things for the Gotham community.
            </p>
          </blockquote>
          




          <p>
            As a new WordPress user, you should go to 
            <a
              href="https://dev-cobs-decoupled-wp.pantheonsite.io/wp/wp-admin/"
            >
              your dashboard
            </a>
             to delete this page and create new pages for your content. Have fun!
          </p>
          

        </div>
      </article>
    </main>
    <footer
      class="ps-w-full ps-text-white ps-bg-black ps-p-4 ps-mt-12"
    >
      <nav
        class="ps-flex ps-flex-col ps-max-w-lg ps-mx-auto lg:ps-max-w-screen-lg"
      >
        <ul />
      </nav>
      <div
        class="ps-flex ps-my-4 ps-p-2"
      >
        <span
          class="mx-auto"
        >
          © 2023 Built with 
          <a
            class="text-white hover:text-blue-100 underline"
            href="https://nextjs.org/"
          >
            Next.js
          </a>
           and 
          <a
            class="text-blue-500 underline hover:text-blue-100"
            href="https://wordpress.com/"
          >
            WordPress
          </a>
        </span>
      </div>
    </footer>
  </div>
</DocumentFragment>
`;
