// Vitest Snapshot v1

exports[`<SSGISRExampleTemplate /> > should render with posts 1`] = `
<DocumentFragment>
  <div
    class="min-h-screen max-h-screen min-w-screen max-w-screen flex flex-col overflow-x-hidden"
  >
    <div
      class="ps-my-0 ps-pt-10 ps-px-5 ps-text-xl"
    >
      <nav>
        <ul
          class="ps-flex ps-flex-row ps-flex-wrap sm:ps-flex-nowrap ps-list-none ps-justify-between ps-max-w-screen-sm ps-mx-auto"
        >
          <li
            class="ps-mr-auto"
          >
            <a
              class="ps-font-sans hover:ps-underline"
              href="/"
            >
              🏠 Home
            </a>
          </li>
          <li
            class="ps-mx-4"
          >
            <a
              class="ps-font-sans hover:ps-underline"
              href="/posts"
            >
              📰 Posts
            </a>
          </li>
          <li
            class="ps-mx-4"
          >
            <a
              class="ps-font-sans hover:ps-underline"
              href="/pages"
            >
              📑 Pages
            </a>
          </li>
          <li
            class="ps-mx-4"
          >
            <a
              class="ps-font-sans hover:ps-underline"
              href="/examples"
            >
              ⚛️ Examples
            </a>
          </li>
        </ul>
      </nav>
    </div>
    <main
      class="mb-auto"
    >
      <header
        class="prose text-2xl mx-auto mt-20"
      >
        <h1
          class="text-center mx-auto"
        >
          Posts
        </h1>
      </header>
      <div
        class="mt-8 prose lg:prose-xl max-w-lg mx-auto lg:grid-cols-3 lg:max-w-screen-lg"
      >
        <p>
          <em>
            By default, this starter kit is optimized for SSR and Edge Caching on Pantheon. This example instead uses Incremental Static Regeneration and is provided as a reference for cases where Next.js static generation options would be beneficial.
          </em>
        </p>
      </div>
      <section>
        <div
          class="ps-mt-12 ps-grid ps-gap-5 ps-max-w-content ps-mx-auto lg:ps-max-w-screen-lg lg:ps-grid-cols-3"
        >
          <a
            href="/posts/example-post-with-image"
          >
            <div
              class="flex flex-col rounded-lg shadow-lg overflow-hidden cursor-pointer border-2 h-full hover:border-indigo-500"
            >
              <div
                class="flex-shrink-0 relative h-40"
              >
                <img
                  alt="Example Post with Image"
                  src="undefined/app/uploads/2022/09/pizza.jpeg"
                />
              </div>
              <h2
                class="my-4 mx-6 text-xl leading-7 font-semibold text-gray-900"
              >
                Example Post with Image →
              </h2>
            </div>
          </a>
          <a
            href="/posts/hello-world"
          >
            <div
              class="flex flex-col rounded-lg shadow-lg overflow-hidden cursor-pointer border-2 h-full hover:border-indigo-500"
            >
              <div
                class="flex-shrink-0 relative h-40"
              >
                <div
                  class="w-full h-full bg-gradient-to-b from-blue-100 to-blue-500"
                />
              </div>
              <h2
                class="my-4 mx-6 text-xl leading-7 font-semibold text-gray-900"
              >
                Hello world! →
              </h2>
            </div>
          </a>
        </div>
      </section>
    </main>
    <footer
      class="ps-w-full ps-text-white ps-bg-black ps-p-4 ps-mt-12"
    >
      <nav
        class="ps-flex ps-flex-col ps-max-w-lg ps-mx-auto lg:ps-max-w-screen-lg"
      >
        <ul />
      </nav>
      <div
        class="ps-flex ps-my-4 ps-p-2"
      >
        <span
          class="mx-auto"
        >
          © 2023 Built with 
          <a
            class="text-white hover:text-blue-100 underline"
            href="https://nextjs.org/"
          >
            Next.js
          </a>
           and 
          <a
            class="text-blue-500 underline hover:text-blue-100"
            href="https://wordpress.com/"
          >
            WordPress
          </a>
        </span>
      </div>
    </footer>
  </div>
</DocumentFragment>
`;
