// Vitest Snapshot v1, https://vitest.dev/guide/snapshot.html

exports[`<Header /> > should render 'header' 1`] = `
<DocumentFragment>
  <div
    class="rk-w-full"
  >
    <header
      class="rk-z-10 rk-flex rk-w-full rk-items-center rk-py-4"
    >
      <a
        href="/"
      >
        <img
          alt="PantheonLogo"
          src="/test-img-src"
        />
      </a>
      <div
        class="rk-w-full rk-hidden rk-flex-wrap lg:rk-flex"
      >
        <nav
          aria-label="Main"
          class="rk-flex rk-items-center rk-mr-auto lg:rk-w-3/4"
        >
          <ul
            class="lg:rk-menu-horizontal rk-hidden rk-flex-wrap lg:rk-flex"
          >
            <li
              class="rk-mb-8 rk-w-full rk-justify-start rk-text-lg rk-text-black lg:rk-mx-4 lg:rk-mb-0 lg:rk-w-fit"
            >
              <a
                class="rk-link-hover rk-w-full rk-text-left rk-flex rk-w-full rk-min-w-full sm:rk-w-fit rk-font-bold"
                href="/"
              >
                Home
              </a>
            </li>
            <li
              class="rk-mb-8 rk-w-full rk-justify-start rk-text-lg rk-text-black lg:rk-mx-4 lg:rk-mb-0 lg:rk-w-fit"
            >
              <a
                class="rk-link-hover rk-w-full rk-text-left rk-flex rk-w-full rk-min-w-full sm:rk-w-fit"
                href="/posts"
              >
                Posts
              </a>
            </li>
            <li
              class="rk-mb-8 rk-w-full rk-justify-start rk-text-lg rk-text-black lg:rk-mx-4 lg:rk-mb-0 lg:rk-w-fit"
            >
              <a
                class="rk-link-hover rk-w-full rk-text-left rk-flex rk-w-full rk-min-w-full sm:rk-w-fit"
                href="/pages"
              >
                Pages
              </a>
            </li>
          </ul>
        </nav>
        <hr
          class="divide-x rk-mb-8 rk-ml-auto rk-flex rk-w-full rk-min-w-full lg:rk-hidden"
        />
        <nav
          aria-label="Secondary"
          class="rk-flex rk-items-center lg:rk-w-1/4 lg:rk-justify-end"
        >
          <ul
            class="lg:rk-menu-horizontal rk-hidden rk-flex-wrap lg:rk-flex"
          />
        </nav>
      </div>
      <button
        aria-hidden="false"
        class="rk-btn rk-h-10 rk-max-h-10 rk-min-h-fit rk-rounded-full rk-border-none rk-bg-white rk-p-2 rk-text-black	hover:rk-bg-neutral-100 hover:rk-text-neutral-900 active:rk-bg-neutral-300 [&>*:first-child]:rk-w-6 rk-ml-auto lg:rk-hidden"
        data-testid="open-nav"
      >
        <svg
          aria-label="open"
          fill="none"
          height="24"
          viewBox="0 0 40 40"
          width="24"
          xmlns="http://www.w3.org/2000/svg"
        >
          <circle
            cx="20"
            cy="20"
            fill="none"
            r="20"
          />
          <path
            d="M9 12H31"
            stroke="#171717"
            stroke-linecap="round"
            stroke-width="2"
          />
          <path
            d="M9 20H31"
            stroke="#171717"
            stroke-linecap="round"
            stroke-width="2"
          />
          <path
            d="M9 28L31 28"
            stroke="#171717"
            stroke-linecap="round"
            stroke-width="2"
          />
        </svg>
      </button>
    </header>
  </div>
</DocumentFragment>
`;
