// Vitest Snapshot v1

exports[`default <PaginationExampleTemplate /> > should render the Pagination Example page 1`] = `
<DocumentFragment>
  <div
    class="min-h-screen max-h-screen min-w-screen max-w-screen flex flex-col overflow-x-hidden"
  >
    <div
      class="ps-my-0 ps-pt-10 ps-px-5 ps-text-xl"
    >
      <nav>
        <ul
          class="ps-flex ps-flex-row ps-flex-wrap sm:ps-flex-nowrap ps-list-none ps-justify-between ps-max-w-screen-sm ps-mx-auto"
        >
          <li
            class="ps-mr-auto"
          >
            <a
              class="ps-font-sans hover:ps-underline"
              href="/"
            >
              üè† Home
            </a>
          </li>
          <li
            class="ps-mx-4"
          >
            <a
              class="ps-font-sans hover:ps-underline"
              href="/articles"
            >
              üì∞ Articles
            </a>
          </li>
          <li
            class="ps-mx-4"
          >
            <a
              class="ps-font-sans hover:ps-underline"
              href="/pages"
            >
              üìë Pages
            </a>
          </li>
          <li
            class="ps-mx-4"
          >
            <a
              class="ps-font-sans hover:ps-underline"
              href="/examples"
            >
              ‚öõÔ∏è Examples
            </a>
          </li>
        </ul>
      </nav>
    </div>
    <main
      class="mb-auto"
    >
      <div
        class="prose max-w-screen mx-auto"
      >
        <section
          class="flex flex-col"
        >
          <h1
            class="my-10"
          >
            Pagination example
          </h1>
          <div
            class="ps-max-w-full"
          >
            <h3
              class="ps-mb-8 ps-prose-sm ps-font-bold"
            >
              Page 1/18
            </h3>
            <section>
              <article
                class="flex flex-col p-3 w-fit mx-auto mb-10"
              >
                <h2
                  class="justify-start my-auto text-2xl mb-2"
                >
                  Usitas
                </h2>
                <p
                  class="max-w-prose my-2"
                >
                  Comis defui ex ille lobortis molior premo ulciscor. Diam huic iustum mauris quia voco. Commodo ibidem iriure nibh nostrud olim scisco vereor. Conventi...
                </p>
              </article>
              <article
                class="flex flex-col p-3 w-fit mx-auto mb-10"
              >
                <h2
                  class="justify-start my-auto text-2xl mb-2"
                >
                  Comis Ex
                </h2>
                <p
                  class="max-w-prose my-2"
                >
                  Brevitas conventio cui dolor minim os. Amet lenis quibus. Adipiscing exerci ille immitto lucidus roto valetudo volutpat. Caecus causa dolore eros eum ...
                </p>
              </article>
              <article
                class="flex flex-col p-3 w-fit mx-auto mb-10"
              >
                <h2
                  class="justify-start my-auto text-2xl mb-2"
                >
                  Caecus Enim Macto Persto
                </h2>
                <p
                  class="max-w-prose my-2"
                >
                  Blandit erat luptatum praesent refoveo veniam. Bene distineo veniam. Eu facilisi feugiat ille. Molior nunc proprius turpis. Abdo eu similis. Accumsan ...
                </p>
              </article>
              <article
                class="flex flex-col p-3 w-fit mx-auto mb-10"
              >
                <h2
                  class="justify-start my-auto text-2xl mb-2"
                >
                  In
                </h2>
                <p
                  class="max-w-prose my-2"
                >
                  Adipiscing at ex hos. Ratis refero tamen. Amet interdico jus pala rusticus typicus. Gravis importunus interdico iriure pala paratus paulatim populus r...
                </p>
              </article>
              <article
                class="flex flex-col p-3 w-fit mx-auto mb-10"
              >
                <h2
                  class="justify-start my-auto text-2xl mb-2"
                >
                  Appellatio Eros Letalis
                </h2>
                <p
                  class="max-w-prose my-2"
                >
                  Conventio in interdico saluto vulputate. Camur commoveo elit feugiat macto meus nutus similis utinam vulputate. Paulatim premo usitas. Consectetuer er...
                </p>
              </article>
              <article
                class="flex flex-col p-3 w-fit mx-auto mb-10"
              >
                <h2
                  class="justify-start my-auto text-2xl mb-2"
                >
                  Dolus Iaceo Tum Verto
                </h2>
                <p
                  class="max-w-prose my-2"
                >
                  Jumentum neo quidne tincidunt ut. Iaceo ideo jugis velit. Adipiscing damnum euismod neque pertineo praemitto tation te valde valetudo. Capto enim leni...
                </p>
              </article>
              <article
                class="flex flex-col p-3 w-fit mx-auto mb-10"
              >
                <h2
                  class="justify-start my-auto text-2xl mb-2"
                >
                  Defui Exputo Gilvus Suscipit
                </h2>
                <p
                  class="max-w-prose my-2"
                >
                  Capto diam iaceo pertineo plaga quidem quidne suscipere ullamcorper virtus. Antehabeo distineo eu euismod iusto letalis natu sino suscipit. Appellatio...
                </p>
              </article>
              <article
                class="flex flex-col p-3 w-fit mx-auto mb-10"
              >
                <h2
                  class="justify-start my-auto text-2xl mb-2"
                >
                  Eros Iriure Venio Vulpes
                </h2>
                <p
                  class="max-w-prose my-2"
                >
                  Adipiscing conventio fere iaceo magna quidne sed. Facilisis ratis scisco uxor. Elit exerci ymo zelus. Comis ea nutus pala quae refero sudo te ut. Aute...
                </p>
              </article>
              <article
                class="flex flex-col p-3 w-fit mx-auto mb-10"
              >
                <h2
                  class="justify-start my-auto text-2xl mb-2"
                >
                  Eligo Praemitto
                </h2>
                <p
                  class="max-w-prose my-2"
                >
                  Erat haero iaceo nibh odio ratis roto. Aptent typicus valde. Aliquam macto melior quadrum suscipere. Facilisis fere nibh paulatim tego vicis.

Erat et...
                </p>
              </article>
              <article
                class="flex flex-col p-3 w-fit mx-auto mb-10"
              >
                <h2
                  class="justify-start my-auto text-2xl mb-2"
                >
                  Abluo Aliquam Inhibeo Luptatum
                </h2>
                <p
                  class="max-w-prose my-2"
                >
                  Abluo defui odio vel. Dolus ludus molior ullamcorper. Et letalis meus utrum uxor vel. Ad amet defui hos imputo praesent roto ut uxor. Augue erat eum l...
                </p>
              </article>
            </section>
            <div
              class="ps-sticky lg:ps-bottom-12 ps-bottom-4 ps-mt-10"
            >
              <nav
                aria-label="Pagination Navigation"
                role="navigation"
              >
                <ul
                  class="ps-list-none ps-flex ps-flex-row ps-justify-center ps-mx-auto ps-mt-auto ps-mb-4 [&>li]:ps-p-0"
                >
                  <li>
                    <button
                      aria-label="Go to Previous Page"
                      class="ps-h-16 ps-w-12 disabled:ps-bg-gray-500 hover:ps-bg-blue-300 focus:ps-bg-blue-200 focus:ps-border-blue-300 ps-border-y-2 ps-border-black ps-bg-white ps-border-l-2"
                      disabled=""
                      id="back-btn"
                    >
                      &lt;
                    </button>
                  </li>
                  <li>
                    <button
                      aria-current="true"
                      aria-label="Current Page, Page 1"
                      class="
          ps-block
          ps-h-16 ps-w-12 ps-border-t-2 ps-border-b-2 ps-border-black ps-bg-white hover:ps-bg-blue-300 focus:ps-bg-blue-200 focus:ps-border-blue-300 ps-border-blue-700 ps-border-2
          "
                    >
                      1
                    </button>
                  </li>
                  <li>
                    <button
                      aria-current="false"
                      aria-label="Go to Page 2"
                      class="
          ps-hidden md:ps-block
          ps-h-16 ps-w-12 ps-border-t-2 ps-border-b-2 ps-border-black ps-bg-white hover:ps-bg-blue-300 focus:ps-bg-blue-200 focus:ps-border-blue-300 
          "
                    >
                      2
                    </button>
                  </li>
                  <li>
                    <button
                      aria-current="false"
                      aria-label="Go to Page 3"
                      class="
          ps-hidden md:ps-block
          ps-h-16 ps-w-12 ps-border-t-2 ps-border-b-2 ps-border-black ps-bg-white hover:ps-bg-blue-300 focus:ps-bg-blue-200 focus:ps-border-blue-300 
          "
                    >
                      3
                    </button>
                  </li>
                  <li>
                    <button
                      aria-current="false"
                      aria-label="Go to Page 4"
                      class="
          ps-hidden md:ps-block
          ps-h-16 ps-w-12 ps-border-t-2 ps-border-b-2 ps-border-black ps-bg-white hover:ps-bg-blue-300 focus:ps-bg-blue-200 focus:ps-border-blue-300 
          "
                    >
                      4
                    </button>
                  </li>
                  <li>
                    <button
                      aria-current="false"
                      aria-label="Go to Page 5"
                      class="
          ps-hidden md:ps-block
          ps-h-16 ps-w-12 ps-border-t-2 ps-border-b-2 ps-border-black ps-bg-white hover:ps-bg-blue-300 focus:ps-bg-blue-200 focus:ps-border-blue-300 
          "
                    >
                      5
                    </button>
                  </li>
                  <li>
                    <button
                      aria-label="Expand Hidden Buttons"
                      class="ps-hidden md:ps-block ps-h-16 ps-w-12 ps-border-2 ps-border-black ps-bg-slate-200 hover:ps-bg-blue-300 focus:ps-bg-blue-200 focus:ps-border-blue-300"
                    >
                      ...
                    </button>
                  </li>
                  <li>
                    <button
                      aria-current="false"
                      aria-label="Go to Page 12"
                      class="
          ps-hidden md:ps-block
          ps-h-16 ps-w-12 ps-border-t-2 ps-border-b-2 ps-border-black ps-bg-white hover:ps-bg-blue-300 focus:ps-bg-blue-200 focus:ps-border-blue-300 
          "
                    >
                      12
                    </button>
                  </li>
                  <li>
                    <button
                      aria-current="false"
                      aria-label="Go to Page 13"
                      class="
          ps-hidden md:ps-block
          ps-h-16 ps-w-12 ps-border-t-2 ps-border-b-2 ps-border-black ps-bg-white hover:ps-bg-blue-300 focus:ps-bg-blue-200 focus:ps-border-blue-300 
          "
                    >
                      13
                    </button>
                  </li>
                  <li>
                    <button
                      aria-current="false"
                      aria-label="Go to Page 14"
                      class="
          ps-hidden md:ps-block
          ps-h-16 ps-w-12 ps-border-t-2 ps-border-b-2 ps-border-black ps-bg-white hover:ps-bg-blue-300 focus:ps-bg-blue-200 focus:ps-border-blue-300 
          "
                    >
                      14
                    </button>
                  </li>
                  <li>
                    <button
                      aria-current="false"
                      aria-label="Go to Page 15"
                      class="
          ps-hidden md:ps-block
          ps-h-16 ps-w-12 ps-border-t-2 ps-border-b-2 ps-border-black ps-bg-white hover:ps-bg-blue-300 focus:ps-bg-blue-200 focus:ps-border-blue-300 
          "
                    >
                      15
                    </button>
                  </li>
                  <li>
                    <button
                      aria-current="false"
                      aria-label="Go to Page 16"
                      class="
          ps-hidden md:ps-block
          ps-h-16 ps-w-12 ps-border-t-2 ps-border-b-2 ps-border-black ps-bg-white hover:ps-bg-blue-300 focus:ps-bg-blue-200 focus:ps-border-blue-300 
          "
                    >
                      16
                    </button>
                  </li>
                  <li>
                    <button
                      aria-current="false"
                      aria-label="Go to Page 17"
                      class="
          ps-hidden md:ps-block
          ps-h-16 ps-w-12 ps-border-t-2 ps-border-b-2 ps-border-black ps-bg-white hover:ps-bg-blue-300 focus:ps-bg-blue-200 focus:ps-border-blue-300 
          "
                    >
                      17
                    </button>
                  </li>
                  <li>
                    <button
                      aria-current="false"
                      aria-label="Go to Page 18"
                      class="
          ps-hidden md:ps-block
          ps-h-16 ps-w-12 ps-border-t-2 ps-border-b-2 ps-border-black ps-bg-white hover:ps-bg-blue-300 focus:ps-bg-blue-200 focus:ps-border-blue-300 
          "
                    >
                      18
                    </button>
                  </li>
                  <li>
                    <button
                      aria-label="Go to Next Page"
                      class="ps-h-16 ps-w-12 disabled:ps-bg-gray-500 hover:ps-bg-blue-300 focus:ps-bg-blue-200 focus:ps-border-blue-300 ps-border-y-2 ps-border-black ps-bg-white ps-border-r-2"
                      id="next-btn"
                    >
                      &gt;
                    </button>
                  </li>
                </ul>
              </nav>
            </div>
          </div>
        </section>
      </div>
    </main>
    <footer
      class="ps-w-full ps-text-white ps-bg-black ps-p-4 ps-mt-12"
    >
      <nav
        class="ps-flex ps-flex-col ps-max-w-lg ps-mx-auto lg:ps-max-w-screen-lg"
      >
        <ul>
          <li
            class="ps-list-disc ps-text-blue-300"
          >
            <a
              class="ps-text-blue-300 hover:ps-underline hover:ps-text-blue-100 focus:ps-text-purple-600 active:ps-text-purple-300"
              href="/"
            >
              Home
            </a>
          </li>
        </ul>
      </nav>
      <div
        class="ps-flex ps-my-4 ps-p-2"
      >
        <span
          class="mx-auto"
        >
          ¬© 2023 Built with 
          <a
            class="text-white hover:text-blue-100 underline"
            href="https://nextjs.org/"
          >
            Next.js
          </a>
           and 
          <a
            class="text-blue-500 underline hover:text-blue-100"
            href="https://www.drupal.org/"
          >
            Drupal
          </a>
        </span>
      </div>
    </footer>
  </div>
</DocumentFragment>
`;
